../Core/Src/main.c:62:5:_write	24	static
../Core/Src/main.c:68:6:process	24	static
../Core/Src/main.c:74:6:HAL_ADC_ConvHalfCpltCallback	16	static
../Core/Src/main.c:79:6:HAL_ADC_ConvCpltCallback	16	static
../Core/Src/main.c:98:5:main	8	static
../Core/Src/main.c:155:6:SystemClock_Config	96	static
../Core/Src/main.c:216:13:MX_ADC1_Init	32	static
../Core/Src/main.c:274:13:MX_TIM15_Init	112	static
../Core/Src/main.c:349:13:MX_USART2_UART_Init	8	static
../Core/Src/main.c:382:13:MX_DMA_Init	16	static
../Core/Src/main.c:400:13:MX_GPIO_Init	40	static
../Core/Src/main.c:429:6:Error_Handler	4	static,ignoring_inline_asm
